// Jest Snapshot v1, https://goo.gl/fbAQLP

exports[`Card should match a snapshot 1`] = `
ShallowWrapper {
  Symbol(enzyme.__root__): [Circular],
  Symbol(enzyme.__unrendered__): <Card
    handleClick={[Function]}
    location="Turing"
    stats={
        Object {
            "2018": 1,
          }
    }
/>,
  Symbol(enzyme.__renderer__): Object {
    "batchedUpdates": [Function],
    "getNode": [Function],
    "render": [Function],
    "simulateError": [Function],
    "simulateEvent": [Function],
    "unmount": [Function],
  },
  Symbol(enzyme.__node__): Object {
    "instance": null,
    "key": undefined,
    "nodeType": "host",
    "props": Object {
      "children": Array [
        <h1
          className="location"
          name="Turing"
>
          Turing
</h1>,
        Array [
          <p
            className="year-and-data-above"
            name="Turing"
>
            2018
             : 
            1
             
</p>,
        ],
      ],
      "className": "card-div",
      "name": "Turing",
      "onClick": [Function],
    },
    "ref": null,
    "rendered": Array [
      Object {
        "instance": null,
        "key": undefined,
        "nodeType": "host",
        "props": Object {
          "children": "Turing",
          "className": "location",
          "name": "Turing",
        },
        "ref": null,
        "rendered": "Turing",
        "type": "h1",
      },
      Object {
        "instance": null,
        "key": "0",
        "nodeType": "host",
        "props": Object {
          "children": Array [
            "2018",
            " : ",
            1,
            " ",
          ],
          "className": "year-and-data-above",
          "name": "Turing",
        },
        "ref": null,
        "rendered": Array [
          "2018",
          " : ",
          1,
          " ",
        ],
        "type": "p",
      },
    ],
    "type": "div",
  },
  Symbol(enzyme.__nodes__): Array [
    Object {
      "instance": null,
      "key": undefined,
      "nodeType": "host",
      "props": Object {
        "children": Array [
          <h1
            className="location"
            name="Turing"
>
            Turing
</h1>,
          Array [
            <p
              className="year-and-data-above"
              name="Turing"
>
              2018
               : 
              1
               
</p>,
          ],
        ],
        "className": "card-div",
        "name": "Turing",
        "onClick": [Function],
      },
      "ref": null,
      "rendered": Array [
        Object {
          "instance": null,
          "key": undefined,
          "nodeType": "host",
          "props": Object {
            "children": "Turing",
            "className": "location",
            "name": "Turing",
          },
          "ref": null,
          "rendered": "Turing",
          "type": "h1",
        },
        Object {
          "instance": null,
          "key": "0",
          "nodeType": "host",
          "props": Object {
            "children": Array [
              "2018",
              " : ",
              1,
              " ",
            ],
            "className": "year-and-data-above",
            "name": "Turing",
          },
          "ref": null,
          "rendered": Array [
            "2018",
            " : ",
            1,
            " ",
          ],
          "type": "p",
        },
      ],
      "type": "div",
    },
  ],
  Symbol(enzyme.__options__): Object {
    "adapter": ReactSixteenAdapter {
      "options": Object {
        "enableComponentDidUpdateOnSetState": true,
        "lifecycles": Object {
          "componentDidUpdate": Object {
            "onSetState": true,
          },
          "getDerivedStateFromProps": true,
          "getSnapshotBeforeUpdate": true,
          "setState": Object {
            "skipsComponentDidUpdateOnNullish": true,
          },
        },
      },
    },
    "attachTo": undefined,
    "hydrateIn": undefined,
  },
}
`;
