// Jest Snapshot v1, https://goo.gl/fbAQLP

exports[`CompareContainer should match a snapshot 1`] = `
ShallowWrapper {
  Symbol(enzyme.__root__): [Circular],
  Symbol(enzyme.__unrendered__): <CompareContainer
    display={
        Array [
            Object {
              "location": "Turing",
              "stats": Object {
                "2018": 1,
              },
            },
            Object {
              "location": "Turing",
              "stats": Object {
                "2018": 1,
              },
            },
          ]
    }
/>,
  Symbol(enzyme.__renderer__): Object {
    "batchedUpdates": [Function],
    "getNode": [Function],
    "render": [Function],
    "simulateError": [Function],
    "simulateEvent": [Function],
    "unmount": [Function],
  },
  Symbol(enzyme.__node__): Object {
    "instance": null,
    "key": undefined,
    "nodeType": "host",
    "props": Object {
      "children": Array [
        Array [
          <Card
            className="card[object Object]"
            handleCompare={undefined}
            location="Turing"
            stats={
                        Object {
                                    "2018": 1,
                                  }
            }
/>,
          <Card
            className="card[object Object]"
            handleCompare={undefined}
            location="Turing"
            stats={
                        Object {
                                    "2018": 1,
                                  }
            }
/>,
        ],
        <CompareCard
          avgCard={undefined}
/>,
      ],
      "className": "compare-container",
    },
    "ref": null,
    "rendered": Array [
      Object {
        "instance": null,
        "key": "0",
        "nodeType": "function",
        "props": Object {
          "className": "card[object Object]",
          "handleCompare": undefined,
          "location": "Turing",
          "stats": Object {
            "2018": 1,
          },
        },
        "ref": null,
        "rendered": null,
        "type": [Function],
      },
      Object {
        "instance": null,
        "key": "1",
        "nodeType": "function",
        "props": Object {
          "className": "card[object Object]",
          "handleCompare": undefined,
          "location": "Turing",
          "stats": Object {
            "2018": 1,
          },
        },
        "ref": null,
        "rendered": null,
        "type": [Function],
      },
      Object {
        "instance": null,
        "key": undefined,
        "nodeType": "function",
        "props": Object {
          "avgCard": undefined,
        },
        "ref": null,
        "rendered": null,
        "type": [Function],
      },
    ],
    "type": "div",
  },
  Symbol(enzyme.__nodes__): Array [
    Object {
      "instance": null,
      "key": undefined,
      "nodeType": "host",
      "props": Object {
        "children": Array [
          Array [
            <Card
              className="card[object Object]"
              handleCompare={undefined}
              location="Turing"
              stats={
                            Object {
                                          "2018": 1,
                                        }
              }
/>,
            <Card
              className="card[object Object]"
              handleCompare={undefined}
              location="Turing"
              stats={
                            Object {
                                          "2018": 1,
                                        }
              }
/>,
          ],
          <CompareCard
            avgCard={undefined}
/>,
        ],
        "className": "compare-container",
      },
      "ref": null,
      "rendered": Array [
        Object {
          "instance": null,
          "key": "0",
          "nodeType": "function",
          "props": Object {
            "className": "card[object Object]",
            "handleCompare": undefined,
            "location": "Turing",
            "stats": Object {
              "2018": 1,
            },
          },
          "ref": null,
          "rendered": null,
          "type": [Function],
        },
        Object {
          "instance": null,
          "key": "1",
          "nodeType": "function",
          "props": Object {
            "className": "card[object Object]",
            "handleCompare": undefined,
            "location": "Turing",
            "stats": Object {
              "2018": 1,
            },
          },
          "ref": null,
          "rendered": null,
          "type": [Function],
        },
        Object {
          "instance": null,
          "key": undefined,
          "nodeType": "function",
          "props": Object {
            "avgCard": undefined,
          },
          "ref": null,
          "rendered": null,
          "type": [Function],
        },
      ],
      "type": "div",
    },
  ],
  Symbol(enzyme.__options__): Object {
    "adapter": ReactSixteenAdapter {
      "options": Object {
        "enableComponentDidUpdateOnSetState": true,
        "lifecycles": Object {
          "componentDidUpdate": Object {
            "onSetState": true,
          },
          "getDerivedStateFromProps": true,
          "getSnapshotBeforeUpdate": true,
          "setState": Object {
            "skipsComponentDidUpdateOnNullish": true,
          },
        },
      },
    },
    "attachTo": undefined,
    "hydrateIn": undefined,
  },
}
`;
